nsc.cCV_GRAY.g1.q5.g_lbp #$# ConfigFile.nsc.cCV_GRAY.g1.q5.g_lbp.txt
nsc.cCV_GRAY.g1.q10.g_lbp #$# ConfigFile.nsc.cCV_GRAY.g1.q10.g_lbp.txt
nsc.cCV_GRAY.g1.q20.g_lbp #$# ConfigFile.nsc.cCV_GRAY.g1.q20.g_lbp.txt
nsc.cCV_GRAY.g1.q30.g_lbp #$# ConfigFile.nsc.cCV_GRAY.g1.q30.g_lbp.txt
nsc.cCV_GRAY.g1.q59.g_lbp #$# ConfigFile.nsc.cCV_GRAY.g1.q59.g_lbp.txt
nsc.cCV_Luv.g1.q4.g_ch #$# ConfigFile.nsc.cCV_Luv.g1.q4.g_ch.txt
nsc.cCV_Luv.g1.q8.g_ch #$# ConfigFile.nsc.cCV_Luv.g1.q8.g_ch.txt
nsc.cCV_Luv.g1.q16.g_ch #$# ConfigFile.nsc.cCV_Luv.g1.q16.g_ch.txt
nsc.cCV_Luv.g1.q32.g_ch #$# ConfigFile.nsc.cCV_Luv.g1.q32.g_ch.txt
nsc.cCV_Luv.g1.q64.g_ch #$# ConfigFile.nsc.cCV_Luv.g1.q64.g_ch.txt
nsc.cCV_Luv.g1.q3.g_cm #$# ConfigFile.nsc.cCV_Luv.g1.q3.g_cm.txt
nsc.cCV_HSV.g1.q4.g_ch #$# ConfigFile.nsc.cCV_HSV.g1.q4.g_ch.txt
nsc.cCV_HSV.g1.q8.g_ch #$# ConfigFile.nsc.cCV_HSV.g1.q8.g_ch.txt
nsc.cCV_HSV.g1.q16.g_ch #$# ConfigFile.nsc.cCV_HSV.g1.q16.g_ch.txt
nsc.cCV_HSV.g1.q32.g_ch #$# ConfigFile.nsc.cCV_HSV.g1.q32.g_ch.txt
nsc.cCV_HSV.g1.q64.g_ch #$# ConfigFile.nsc.cCV_HSV.g1.q64.g_ch.txt
nsc.cCV_HSV.g1.q3.g_cm #$# ConfigFile.nsc.cCV_HSV.g1.q3.g_cm.txt
nsc.cCV_RGB.g1.q4.g_ch #$# ConfigFile.nsc.cCV_RGB.g1.q4.g_ch.txt
nsc.cCV_RGB.g1.q8.g_ch #$# ConfigFile.nsc.cCV_RGB.g1.q8.g_ch.txt
nsc.cCV_RGB.g1.q16.g_ch #$# ConfigFile.nsc.cCV_RGB.g1.q16.g_ch.txt
nsc.cCV_RGB.g1.q32.g_ch #$# ConfigFile.nsc.cCV_RGB.g1.q32.g_ch.txt
nsc.cCV_RGB.g1.q64.g_ch #$# ConfigFile.nsc.cCV_RGB.g1.q64.g_ch.txt
nsc.cCV_RGB.g1.q3.g_cm #$# ConfigFile.nsc.cCV_RGB.g1.q3.g_cm.txt
nsc.cCV_YCrCb.g1.q4.g_ch #$# ConfigFile.nsc.cCV_YCrCb.g1.q4.g_ch.txt
nsc.cCV_YCrCb.g1.q8.g_ch #$# ConfigFile.nsc.cCV_YCrCb.g1.q8.g_ch.txt
nsc.cCV_YCrCb.g1.q16.g_ch #$# ConfigFile.nsc.cCV_YCrCb.g1.q16.g_ch.txt
nsc.cCV_YCrCb.g1.q32.g_ch #$# ConfigFile.nsc.cCV_YCrCb.g1.q32.g_ch.txt
nsc.cCV_YCrCb.g1.q64.g_ch #$# ConfigFile.nsc.cCV_YCrCb.g1.q64.g_ch.txt
nsc.cCV_YCrCb.g1.q3.g_cm #$# ConfigFile.nsc.cCV_YCrCb.g1.q3.g_cm.txt
nsc.cCV_GRAY.g1.q72.g_eoh #$# ConfigFile.nsc.cCV_GRAY.g1.q72.g_eoh.txt
nsc.cCV_GRAY.g1.q36.g_eoh #$# ConfigFile.nsc.cCV_GRAY.g1.q36.g_eoh.txt
nsc.cCV_GRAY.g1.q18.g_eoh #$# ConfigFile.nsc.cCV_GRAY.g1.q18.g_eoh.txt
nsc.cCV_GRAY.g1.q12.g_eoh #$# ConfigFile.nsc.cCV_GRAY.g1.q12.g_eoh.txt
nsc.cCV_GRAY.g1.q6.g_eoh #$# ConfigFile.nsc.cCV_GRAY.g1.q6.g_eoh.txt
nsc.cCV_GRAY.g2.q5.g_lbp #$# ConfigFile.nsc.cCV_GRAY.g2.q5.g_lbp.txt
nsc.cCV_GRAY.g2.q10.g_lbp #$# ConfigFile.nsc.cCV_GRAY.g2.q10.g_lbp.txt
nsc.cCV_GRAY.g2.q20.g_lbp #$# ConfigFile.nsc.cCV_GRAY.g2.q20.g_lbp.txt
nsc.cCV_GRAY.g2.q30.g_lbp #$# ConfigFile.nsc.cCV_GRAY.g2.q30.g_lbp.txt
nsc.cCV_GRAY.g2.q59.g_lbp #$# ConfigFile.nsc.cCV_GRAY.g2.q59.g_lbp.txt
nsc.cCV_Luv.g2.q4.g_ch #$# ConfigFile.nsc.cCV_Luv.g2.q4.g_ch.txt
nsc.cCV_Luv.g2.q8.g_ch #$# ConfigFile.nsc.cCV_Luv.g2.q8.g_ch.txt
nsc.cCV_Luv.g2.q16.g_ch #$# ConfigFile.nsc.cCV_Luv.g2.q16.g_ch.txt
nsc.cCV_Luv.g2.q32.g_ch #$# ConfigFile.nsc.cCV_Luv.g2.q32.g_ch.txt
nsc.cCV_Luv.g2.q64.g_ch #$# ConfigFile.nsc.cCV_Luv.g2.q64.g_ch.txt
nsc.cCV_Luv.g2.q3.g_cm #$# ConfigFile.nsc.cCV_Luv.g2.q3.g_cm.txt
nsc.cCV_HSV.g2.q4.g_ch #$# ConfigFile.nsc.cCV_HSV.g2.q4.g_ch.txt
nsc.cCV_HSV.g2.q8.g_ch #$# ConfigFile.nsc.cCV_HSV.g2.q8.g_ch.txt
nsc.cCV_HSV.g2.q16.g_ch #$# ConfigFile.nsc.cCV_HSV.g2.q16.g_ch.txt
nsc.cCV_HSV.g2.q32.g_ch #$# ConfigFile.nsc.cCV_HSV.g2.q32.g_ch.txt
nsc.cCV_HSV.g2.q64.g_ch #$# ConfigFile.nsc.cCV_HSV.g2.q64.g_ch.txt
nsc.cCV_HSV.g2.q3.g_cm #$# ConfigFile.nsc.cCV_HSV.g2.q3.g_cm.txt
nsc.cCV_RGB.g2.q4.g_ch #$# ConfigFile.nsc.cCV_RGB.g2.q4.g_ch.txt
nsc.cCV_RGB.g2.q8.g_ch #$# ConfigFile.nsc.cCV_RGB.g2.q8.g_ch.txt
nsc.cCV_RGB.g2.q16.g_ch #$# ConfigFile.nsc.cCV_RGB.g2.q16.g_ch.txt
nsc.cCV_RGB.g2.q32.g_ch #$# ConfigFile.nsc.cCV_RGB.g2.q32.g_ch.txt
nsc.cCV_RGB.g2.q64.g_ch #$# ConfigFile.nsc.cCV_RGB.g2.q64.g_ch.txt
nsc.cCV_RGB.g2.q3.g_cm #$# ConfigFile.nsc.cCV_RGB.g2.q3.g_cm.txt
nsc.cCV_YCrCb.g2.q4.g_ch #$# ConfigFile.nsc.cCV_YCrCb.g2.q4.g_ch.txt
nsc.cCV_YCrCb.g2.q8.g_ch #$# ConfigFile.nsc.cCV_YCrCb.g2.q8.g_ch.txt
nsc.cCV_YCrCb.g2.q16.g_ch #$# ConfigFile.nsc.cCV_YCrCb.g2.q16.g_ch.txt
nsc.cCV_YCrCb.g2.q32.g_ch #$# ConfigFile.nsc.cCV_YCrCb.g2.q32.g_ch.txt
nsc.cCV_YCrCb.g2.q64.g_ch #$# ConfigFile.nsc.cCV_YCrCb.g2.q64.g_ch.txt
nsc.cCV_YCrCb.g2.q3.g_cm #$# ConfigFile.nsc.cCV_YCrCb.g2.q3.g_cm.txt
nsc.cCV_GRAY.g2.q72.g_eoh #$# ConfigFile.nsc.cCV_GRAY.g2.q72.g_eoh.txt
nsc.cCV_GRAY.g2.q36.g_eoh #$# ConfigFile.nsc.cCV_GRAY.g2.q36.g_eoh.txt
nsc.cCV_GRAY.g2.q18.g_eoh #$# ConfigFile.nsc.cCV_GRAY.g2.q18.g_eoh.txt
nsc.cCV_GRAY.g2.q12.g_eoh #$# ConfigFile.nsc.cCV_GRAY.g2.q12.g_eoh.txt
nsc.cCV_GRAY.g2.q6.g_eoh #$# ConfigFile.nsc.cCV_GRAY.g2.q6.g_eoh.txt
nsc.cCV_GRAY.g3.q5.g_lbp #$# ConfigFile.nsc.cCV_GRAY.g3.q5.g_lbp.txt
nsc.cCV_GRAY.g3.q10.g_lbp #$# ConfigFile.nsc.cCV_GRAY.g3.q10.g_lbp.txt
nsc.cCV_GRAY.g3.q20.g_lbp #$# ConfigFile.nsc.cCV_GRAY.g3.q20.g_lbp.txt
nsc.cCV_GRAY.g3.q30.g_lbp #$# ConfigFile.nsc.cCV_GRAY.g3.q30.g_lbp.txt
nsc.cCV_GRAY.g3.q59.g_lbp #$# ConfigFile.nsc.cCV_GRAY.g3.q59.g_lbp.txt
nsc.cCV_Luv.g3.q4.g_ch #$# ConfigFile.nsc.cCV_Luv.g3.q4.g_ch.txt
nsc.cCV_Luv.g3.q8.g_ch #$# ConfigFile.nsc.cCV_Luv.g3.q8.g_ch.txt
nsc.cCV_Luv.g3.q16.g_ch #$# ConfigFile.nsc.cCV_Luv.g3.q16.g_ch.txt
nsc.cCV_Luv.g3.q32.g_ch #$# ConfigFile.nsc.cCV_Luv.g3.q32.g_ch.txt
nsc.cCV_Luv.g3.q64.g_ch #$# ConfigFile.nsc.cCV_Luv.g3.q64.g_ch.txt
nsc.cCV_Luv.g3.q3.g_cm #$# ConfigFile.nsc.cCV_Luv.g3.q3.g_cm.txt
nsc.cCV_HSV.g3.q4.g_ch #$# ConfigFile.nsc.cCV_HSV.g3.q4.g_ch.txt
nsc.cCV_HSV.g3.q8.g_ch #$# ConfigFile.nsc.cCV_HSV.g3.q8.g_ch.txt
nsc.cCV_HSV.g3.q16.g_ch #$# ConfigFile.nsc.cCV_HSV.g3.q16.g_ch.txt
nsc.cCV_HSV.g3.q32.g_ch #$# ConfigFile.nsc.cCV_HSV.g3.q32.g_ch.txt
nsc.cCV_HSV.g3.q64.g_ch #$# ConfigFile.nsc.cCV_HSV.g3.q64.g_ch.txt
nsc.cCV_HSV.g3.q3.g_cm #$# ConfigFile.nsc.cCV_HSV.g3.q3.g_cm.txt
nsc.cCV_RGB.g3.q4.g_ch #$# ConfigFile.nsc.cCV_RGB.g3.q4.g_ch.txt
nsc.cCV_RGB.g3.q8.g_ch #$# ConfigFile.nsc.cCV_RGB.g3.q8.g_ch.txt
nsc.cCV_RGB.g3.q16.g_ch #$# ConfigFile.nsc.cCV_RGB.g3.q16.g_ch.txt
nsc.cCV_RGB.g3.q32.g_ch #$# ConfigFile.nsc.cCV_RGB.g3.q32.g_ch.txt
nsc.cCV_RGB.g3.q64.g_ch #$# ConfigFile.nsc.cCV_RGB.g3.q64.g_ch.txt
nsc.cCV_RGB.g3.q3.g_cm #$# ConfigFile.nsc.cCV_RGB.g3.q3.g_cm.txt
nsc.cCV_YCrCb.g3.q4.g_ch #$# ConfigFile.nsc.cCV_YCrCb.g3.q4.g_ch.txt
nsc.cCV_YCrCb.g3.q8.g_ch #$# ConfigFile.nsc.cCV_YCrCb.g3.q8.g_ch.txt
nsc.cCV_YCrCb.g3.q16.g_ch #$# ConfigFile.nsc.cCV_YCrCb.g3.q16.g_ch.txt
nsc.cCV_YCrCb.g3.q32.g_ch #$# ConfigFile.nsc.cCV_YCrCb.g3.q32.g_ch.txt
nsc.cCV_YCrCb.g3.q64.g_ch #$# ConfigFile.nsc.cCV_YCrCb.g3.q64.g_ch.txt
nsc.cCV_YCrCb.g3.q3.g_cm #$# ConfigFile.nsc.cCV_YCrCb.g3.q3.g_cm.txt
nsc.cCV_GRAY.g3.q72.g_eoh #$# ConfigFile.nsc.cCV_GRAY.g3.q72.g_eoh.txt
nsc.cCV_GRAY.g3.q36.g_eoh #$# ConfigFile.nsc.cCV_GRAY.g3.q36.g_eoh.txt
nsc.cCV_GRAY.g3.q18.g_eoh #$# ConfigFile.nsc.cCV_GRAY.g3.q18.g_eoh.txt
nsc.cCV_GRAY.g3.q12.g_eoh #$# ConfigFile.nsc.cCV_GRAY.g3.q12.g_eoh.txt
nsc.cCV_GRAY.g3.q6.g_eoh #$# ConfigFile.nsc.cCV_GRAY.g3.q6.g_eoh.txt
nsc.cCV_GRAY.g4.q5.g_lbp #$# ConfigFile.nsc.cCV_GRAY.g4.q5.g_lbp.txt
nsc.cCV_GRAY.g4.q10.g_lbp #$# ConfigFile.nsc.cCV_GRAY.g4.q10.g_lbp.txt
nsc.cCV_GRAY.g4.q20.g_lbp #$# ConfigFile.nsc.cCV_GRAY.g4.q20.g_lbp.txt
nsc.cCV_GRAY.g4.q30.g_lbp #$# ConfigFile.nsc.cCV_GRAY.g4.q30.g_lbp.txt
nsc.cCV_GRAY.g4.q59.g_lbp #$# ConfigFile.nsc.cCV_GRAY.g4.q59.g_lbp.txt
nsc.cCV_Luv.g4.q4.g_ch #$# ConfigFile.nsc.cCV_Luv.g4.q4.g_ch.txt
nsc.cCV_Luv.g4.q8.g_ch #$# ConfigFile.nsc.cCV_Luv.g4.q8.g_ch.txt
nsc.cCV_Luv.g4.q16.g_ch #$# ConfigFile.nsc.cCV_Luv.g4.q16.g_ch.txt
nsc.cCV_Luv.g4.q32.g_ch #$# ConfigFile.nsc.cCV_Luv.g4.q32.g_ch.txt
nsc.cCV_Luv.g4.q64.g_ch #$# ConfigFile.nsc.cCV_Luv.g4.q64.g_ch.txt
nsc.cCV_Luv.g4.q3.g_cm #$# ConfigFile.nsc.cCV_Luv.g4.q3.g_cm.txt
nsc.cCV_HSV.g4.q4.g_ch #$# ConfigFile.nsc.cCV_HSV.g4.q4.g_ch.txt
nsc.cCV_HSV.g4.q8.g_ch #$# ConfigFile.nsc.cCV_HSV.g4.q8.g_ch.txt
nsc.cCV_HSV.g4.q16.g_ch #$# ConfigFile.nsc.cCV_HSV.g4.q16.g_ch.txt
nsc.cCV_HSV.g4.q32.g_ch #$# ConfigFile.nsc.cCV_HSV.g4.q32.g_ch.txt
nsc.cCV_HSV.g4.q64.g_ch #$# ConfigFile.nsc.cCV_HSV.g4.q64.g_ch.txt
nsc.cCV_HSV.g4.q3.g_cm #$# ConfigFile.nsc.cCV_HSV.g4.q3.g_cm.txt
nsc.cCV_RGB.g4.q4.g_ch #$# ConfigFile.nsc.cCV_RGB.g4.q4.g_ch.txt
nsc.cCV_RGB.g4.q8.g_ch #$# ConfigFile.nsc.cCV_RGB.g4.q8.g_ch.txt
nsc.cCV_RGB.g4.q16.g_ch #$# ConfigFile.nsc.cCV_RGB.g4.q16.g_ch.txt
nsc.cCV_RGB.g4.q32.g_ch #$# ConfigFile.nsc.cCV_RGB.g4.q32.g_ch.txt
nsc.cCV_RGB.g4.q64.g_ch #$# ConfigFile.nsc.cCV_RGB.g4.q64.g_ch.txt
nsc.cCV_RGB.g4.q3.g_cm #$# ConfigFile.nsc.cCV_RGB.g4.q3.g_cm.txt
nsc.cCV_YCrCb.g4.q4.g_ch #$# ConfigFile.nsc.cCV_YCrCb.g4.q4.g_ch.txt
nsc.cCV_YCrCb.g4.q8.g_ch #$# ConfigFile.nsc.cCV_YCrCb.g4.q8.g_ch.txt
nsc.cCV_YCrCb.g4.q16.g_ch #$# ConfigFile.nsc.cCV_YCrCb.g4.q16.g_ch.txt
nsc.cCV_YCrCb.g4.q32.g_ch #$# ConfigFile.nsc.cCV_YCrCb.g4.q32.g_ch.txt
nsc.cCV_YCrCb.g4.q64.g_ch #$# ConfigFile.nsc.cCV_YCrCb.g4.q64.g_ch.txt
nsc.cCV_YCrCb.g4.q3.g_cm #$# ConfigFile.nsc.cCV_YCrCb.g4.q3.g_cm.txt
nsc.cCV_GRAY.g4.q72.g_eoh #$# ConfigFile.nsc.cCV_GRAY.g4.q72.g_eoh.txt
nsc.cCV_GRAY.g4.q36.g_eoh #$# ConfigFile.nsc.cCV_GRAY.g4.q36.g_eoh.txt
nsc.cCV_GRAY.g4.q18.g_eoh #$# ConfigFile.nsc.cCV_GRAY.g4.q18.g_eoh.txt
nsc.cCV_GRAY.g4.q12.g_eoh #$# ConfigFile.nsc.cCV_GRAY.g4.q12.g_eoh.txt
nsc.cCV_GRAY.g4.q6.g_eoh #$# ConfigFile.nsc.cCV_GRAY.g4.q6.g_eoh.txt
nsc.cCV_GRAY.g5.q5.g_lbp #$# ConfigFile.nsc.cCV_GRAY.g5.q5.g_lbp.txt
nsc.cCV_GRAY.g5.q10.g_lbp #$# ConfigFile.nsc.cCV_GRAY.g5.q10.g_lbp.txt
nsc.cCV_GRAY.g5.q20.g_lbp #$# ConfigFile.nsc.cCV_GRAY.g5.q20.g_lbp.txt
nsc.cCV_GRAY.g5.q30.g_lbp #$# ConfigFile.nsc.cCV_GRAY.g5.q30.g_lbp.txt
nsc.cCV_GRAY.g5.q59.g_lbp #$# ConfigFile.nsc.cCV_GRAY.g5.q59.g_lbp.txt
nsc.cCV_Luv.g5.q4.g_ch #$# ConfigFile.nsc.cCV_Luv.g5.q4.g_ch.txt
nsc.cCV_Luv.g5.q8.g_ch #$# ConfigFile.nsc.cCV_Luv.g5.q8.g_ch.txt
nsc.cCV_Luv.g5.q16.g_ch #$# ConfigFile.nsc.cCV_Luv.g5.q16.g_ch.txt
nsc.cCV_Luv.g5.q32.g_ch #$# ConfigFile.nsc.cCV_Luv.g5.q32.g_ch.txt
nsc.cCV_Luv.g5.q64.g_ch #$# ConfigFile.nsc.cCV_Luv.g5.q64.g_ch.txt
nsc.cCV_Luv.g5.q3.g_cm #$# ConfigFile.nsc.cCV_Luv.g5.q3.g_cm.txt
nsc.cCV_HSV.g5.q4.g_ch #$# ConfigFile.nsc.cCV_HSV.g5.q4.g_ch.txt
nsc.cCV_HSV.g5.q8.g_ch #$# ConfigFile.nsc.cCV_HSV.g5.q8.g_ch.txt
nsc.cCV_HSV.g5.q16.g_ch #$# ConfigFile.nsc.cCV_HSV.g5.q16.g_ch.txt
nsc.cCV_HSV.g5.q32.g_ch #$# ConfigFile.nsc.cCV_HSV.g5.q32.g_ch.txt
nsc.cCV_HSV.g5.q64.g_ch #$# ConfigFile.nsc.cCV_HSV.g5.q64.g_ch.txt
nsc.cCV_HSV.g5.q3.g_cm #$# ConfigFile.nsc.cCV_HSV.g5.q3.g_cm.txt
nsc.cCV_RGB.g5.q4.g_ch #$# ConfigFile.nsc.cCV_RGB.g5.q4.g_ch.txt
nsc.cCV_RGB.g5.q8.g_ch #$# ConfigFile.nsc.cCV_RGB.g5.q8.g_ch.txt
nsc.cCV_RGB.g5.q16.g_ch #$# ConfigFile.nsc.cCV_RGB.g5.q16.g_ch.txt
nsc.cCV_RGB.g5.q32.g_ch #$# ConfigFile.nsc.cCV_RGB.g5.q32.g_ch.txt
nsc.cCV_RGB.g5.q64.g_ch #$# ConfigFile.nsc.cCV_RGB.g5.q64.g_ch.txt
nsc.cCV_RGB.g5.q3.g_cm #$# ConfigFile.nsc.cCV_RGB.g5.q3.g_cm.txt
nsc.cCV_YCrCb.g5.q4.g_ch #$# ConfigFile.nsc.cCV_YCrCb.g5.q4.g_ch.txt
nsc.cCV_YCrCb.g5.q8.g_ch #$# ConfigFile.nsc.cCV_YCrCb.g5.q8.g_ch.txt
nsc.cCV_YCrCb.g5.q16.g_ch #$# ConfigFile.nsc.cCV_YCrCb.g5.q16.g_ch.txt
nsc.cCV_YCrCb.g5.q32.g_ch #$# ConfigFile.nsc.cCV_YCrCb.g5.q32.g_ch.txt
nsc.cCV_YCrCb.g5.q64.g_ch #$# ConfigFile.nsc.cCV_YCrCb.g5.q64.g_ch.txt
nsc.cCV_YCrCb.g5.q3.g_cm #$# ConfigFile.nsc.cCV_YCrCb.g5.q3.g_cm.txt
nsc.cCV_GRAY.g5.q72.g_eoh #$# ConfigFile.nsc.cCV_GRAY.g5.q72.g_eoh.txt
nsc.cCV_GRAY.g5.q36.g_eoh #$# ConfigFile.nsc.cCV_GRAY.g5.q36.g_eoh.txt
nsc.cCV_GRAY.g5.q18.g_eoh #$# ConfigFile.nsc.cCV_GRAY.g5.q18.g_eoh.txt
nsc.cCV_GRAY.g5.q12.g_eoh #$# ConfigFile.nsc.cCV_GRAY.g5.q12.g_eoh.txt
nsc.cCV_GRAY.g5.q6.g_eoh #$# ConfigFile.nsc.cCV_GRAY.g5.q6.g_eoh.txt
nsc.cCV_GRAY.g6.q5.g_lbp #$# ConfigFile.nsc.cCV_GRAY.g6.q5.g_lbp.txt
nsc.cCV_GRAY.g6.q10.g_lbp #$# ConfigFile.nsc.cCV_GRAY.g6.q10.g_lbp.txt
nsc.cCV_GRAY.g6.q20.g_lbp #$# ConfigFile.nsc.cCV_GRAY.g6.q20.g_lbp.txt
nsc.cCV_GRAY.g6.q30.g_lbp #$# ConfigFile.nsc.cCV_GRAY.g6.q30.g_lbp.txt
nsc.cCV_GRAY.g6.q59.g_lbp #$# ConfigFile.nsc.cCV_GRAY.g6.q59.g_lbp.txt
nsc.cCV_Luv.g6.q4.g_ch #$# ConfigFile.nsc.cCV_Luv.g6.q4.g_ch.txt
nsc.cCV_Luv.g6.q8.g_ch #$# ConfigFile.nsc.cCV_Luv.g6.q8.g_ch.txt
nsc.cCV_Luv.g6.q16.g_ch #$# ConfigFile.nsc.cCV_Luv.g6.q16.g_ch.txt
nsc.cCV_Luv.g6.q32.g_ch #$# ConfigFile.nsc.cCV_Luv.g6.q32.g_ch.txt
nsc.cCV_Luv.g6.q64.g_ch #$# ConfigFile.nsc.cCV_Luv.g6.q64.g_ch.txt
nsc.cCV_Luv.g6.q3.g_cm #$# ConfigFile.nsc.cCV_Luv.g6.q3.g_cm.txt
nsc.cCV_HSV.g6.q4.g_ch #$# ConfigFile.nsc.cCV_HSV.g6.q4.g_ch.txt
nsc.cCV_HSV.g6.q8.g_ch #$# ConfigFile.nsc.cCV_HSV.g6.q8.g_ch.txt
nsc.cCV_HSV.g6.q16.g_ch #$# ConfigFile.nsc.cCV_HSV.g6.q16.g_ch.txt
nsc.cCV_HSV.g6.q32.g_ch #$# ConfigFile.nsc.cCV_HSV.g6.q32.g_ch.txt
nsc.cCV_HSV.g6.q64.g_ch #$# ConfigFile.nsc.cCV_HSV.g6.q64.g_ch.txt
nsc.cCV_HSV.g6.q3.g_cm #$# ConfigFile.nsc.cCV_HSV.g6.q3.g_cm.txt
nsc.cCV_RGB.g6.q4.g_ch #$# ConfigFile.nsc.cCV_RGB.g6.q4.g_ch.txt
nsc.cCV_RGB.g6.q8.g_ch #$# ConfigFile.nsc.cCV_RGB.g6.q8.g_ch.txt
nsc.cCV_RGB.g6.q16.g_ch #$# ConfigFile.nsc.cCV_RGB.g6.q16.g_ch.txt
nsc.cCV_RGB.g6.q32.g_ch #$# ConfigFile.nsc.cCV_RGB.g6.q32.g_ch.txt
nsc.cCV_RGB.g6.q64.g_ch #$# ConfigFile.nsc.cCV_RGB.g6.q64.g_ch.txt
nsc.cCV_RGB.g6.q3.g_cm #$# ConfigFile.nsc.cCV_RGB.g6.q3.g_cm.txt
nsc.cCV_YCrCb.g6.q4.g_ch #$# ConfigFile.nsc.cCV_YCrCb.g6.q4.g_ch.txt
nsc.cCV_YCrCb.g6.q8.g_ch #$# ConfigFile.nsc.cCV_YCrCb.g6.q8.g_ch.txt
nsc.cCV_YCrCb.g6.q16.g_ch #$# ConfigFile.nsc.cCV_YCrCb.g6.q16.g_ch.txt
nsc.cCV_YCrCb.g6.q32.g_ch #$# ConfigFile.nsc.cCV_YCrCb.g6.q32.g_ch.txt
nsc.cCV_YCrCb.g6.q64.g_ch #$# ConfigFile.nsc.cCV_YCrCb.g6.q64.g_ch.txt
nsc.cCV_YCrCb.g6.q3.g_cm #$# ConfigFile.nsc.cCV_YCrCb.g6.q3.g_cm.txt
nsc.cCV_GRAY.g6.q72.g_eoh #$# ConfigFile.nsc.cCV_GRAY.g6.q72.g_eoh.txt
nsc.cCV_GRAY.g6.q36.g_eoh #$# ConfigFile.nsc.cCV_GRAY.g6.q36.g_eoh.txt
nsc.cCV_GRAY.g6.q18.g_eoh #$# ConfigFile.nsc.cCV_GRAY.g6.q18.g_eoh.txt
nsc.cCV_GRAY.g6.q12.g_eoh #$# ConfigFile.nsc.cCV_GRAY.g6.q12.g_eoh.txt
nsc.cCV_GRAY.g6.q6.g_eoh #$# ConfigFile.nsc.cCV_GRAY.g6.q6.g_eoh.txt
nsc.cCV_GRAY.g7.q5.g_lbp #$# ConfigFile.nsc.cCV_GRAY.g7.q5.g_lbp.txt
nsc.cCV_GRAY.g7.q10.g_lbp #$# ConfigFile.nsc.cCV_GRAY.g7.q10.g_lbp.txt
nsc.cCV_GRAY.g7.q20.g_lbp #$# ConfigFile.nsc.cCV_GRAY.g7.q20.g_lbp.txt
nsc.cCV_GRAY.g7.q30.g_lbp #$# ConfigFile.nsc.cCV_GRAY.g7.q30.g_lbp.txt
nsc.cCV_GRAY.g7.q59.g_lbp #$# ConfigFile.nsc.cCV_GRAY.g7.q59.g_lbp.txt
nsc.cCV_Luv.g7.q4.g_ch #$# ConfigFile.nsc.cCV_Luv.g7.q4.g_ch.txt
nsc.cCV_Luv.g7.q8.g_ch #$# ConfigFile.nsc.cCV_Luv.g7.q8.g_ch.txt
nsc.cCV_Luv.g7.q16.g_ch #$# ConfigFile.nsc.cCV_Luv.g7.q16.g_ch.txt
nsc.cCV_Luv.g7.q32.g_ch #$# ConfigFile.nsc.cCV_Luv.g7.q32.g_ch.txt
nsc.cCV_Luv.g7.q64.g_ch #$# ConfigFile.nsc.cCV_Luv.g7.q64.g_ch.txt
nsc.cCV_Luv.g7.q3.g_cm #$# ConfigFile.nsc.cCV_Luv.g7.q3.g_cm.txt
nsc.cCV_HSV.g7.q4.g_ch #$# ConfigFile.nsc.cCV_HSV.g7.q4.g_ch.txt
nsc.cCV_HSV.g7.q8.g_ch #$# ConfigFile.nsc.cCV_HSV.g7.q8.g_ch.txt
nsc.cCV_HSV.g7.q16.g_ch #$# ConfigFile.nsc.cCV_HSV.g7.q16.g_ch.txt
nsc.cCV_HSV.g7.q32.g_ch #$# ConfigFile.nsc.cCV_HSV.g7.q32.g_ch.txt
nsc.cCV_HSV.g7.q64.g_ch #$# ConfigFile.nsc.cCV_HSV.g7.q64.g_ch.txt
nsc.cCV_HSV.g7.q3.g_cm #$# ConfigFile.nsc.cCV_HSV.g7.q3.g_cm.txt
nsc.cCV_RGB.g7.q4.g_ch #$# ConfigFile.nsc.cCV_RGB.g7.q4.g_ch.txt
nsc.cCV_RGB.g7.q8.g_ch #$# ConfigFile.nsc.cCV_RGB.g7.q8.g_ch.txt
nsc.cCV_RGB.g7.q16.g_ch #$# ConfigFile.nsc.cCV_RGB.g7.q16.g_ch.txt
nsc.cCV_RGB.g7.q32.g_ch #$# ConfigFile.nsc.cCV_RGB.g7.q32.g_ch.txt
nsc.cCV_RGB.g7.q64.g_ch #$# ConfigFile.nsc.cCV_RGB.g7.q64.g_ch.txt
nsc.cCV_RGB.g7.q3.g_cm #$# ConfigFile.nsc.cCV_RGB.g7.q3.g_cm.txt
nsc.cCV_YCrCb.g7.q4.g_ch #$# ConfigFile.nsc.cCV_YCrCb.g7.q4.g_ch.txt
nsc.cCV_YCrCb.g7.q8.g_ch #$# ConfigFile.nsc.cCV_YCrCb.g7.q8.g_ch.txt
nsc.cCV_YCrCb.g7.q16.g_ch #$# ConfigFile.nsc.cCV_YCrCb.g7.q16.g_ch.txt
nsc.cCV_YCrCb.g7.q32.g_ch #$# ConfigFile.nsc.cCV_YCrCb.g7.q32.g_ch.txt
nsc.cCV_YCrCb.g7.q64.g_ch #$# ConfigFile.nsc.cCV_YCrCb.g7.q64.g_ch.txt
nsc.cCV_YCrCb.g7.q3.g_cm #$# ConfigFile.nsc.cCV_YCrCb.g7.q3.g_cm.txt
nsc.cCV_GRAY.g7.q72.g_eoh #$# ConfigFile.nsc.cCV_GRAY.g7.q72.g_eoh.txt
nsc.cCV_GRAY.g7.q36.g_eoh #$# ConfigFile.nsc.cCV_GRAY.g7.q36.g_eoh.txt
nsc.cCV_GRAY.g7.q18.g_eoh #$# ConfigFile.nsc.cCV_GRAY.g7.q18.g_eoh.txt
nsc.cCV_GRAY.g7.q12.g_eoh #$# ConfigFile.nsc.cCV_GRAY.g7.q12.g_eoh.txt
nsc.cCV_GRAY.g7.q6.g_eoh #$# ConfigFile.nsc.cCV_GRAY.g7.q6.g_eoh.txt
